// Jest Snapshot v1, https://goo.gl/fbAQLP

exports[`InputBase should correctly 1`] = `
.c0 {
  padding: 1.2rem 1.5rem;
  border-radius: 15px;
  outline: none;
  border: 1px solid #B7B7B7;
  font-family: Rubik,sans-serif;
  width: 100%;
}

.c0:focus {
  border-color: #171717;
}

.c0::-webkit-input-placeholder {
  color: #707070;
  font-style: italic;
  opacity: 0.6;
  font-size: 13px;
}

.c0::-moz-placeholder {
  color: #707070;
  font-style: italic;
  opacity: 0.6;
  font-size: 13px;
}

.c0:-ms-input-placeholder {
  color: #707070;
  font-style: italic;
  opacity: 0.6;
  font-size: 13px;
}

.c0::placeholder {
  color: #707070;
  font-style: italic;
  opacity: 0.6;
  font-size: 13px;
}

<input
  class="c0"
  id="test"
  placeholder="Label test placeholder"
  type="text"
  value=""
/>
`;
