// Jest Snapshot v1, https://goo.gl/fbAQLP

exports[`Font should render correctly without any props 1`] = `
<p
  class=""
>
  Font
</p>
`;
